2026/09/06 18:21:55 [DEBUG] [18:21:55.794] 日志文件已就绪: D:\d\glean\logs\glean_2026-09-06.log
2026/09/06 18:21:55 [DEBUG] [18:21:55.795] 邮件配置: smtp.qq.com:465 发件人=768305875@qq.com 收件人=768305875@qq.com 跳过TLS校验=true
2026/09/06 18:21:55 insigmind 统计采集 vdev
2026/09/06 18:22:03 [DEBUG] [18:22:03.732] 日志文件已就绪: D:\d\glean\logs\glean_2026-09-06.log
2026/09/06 18:22:03 未加载配置文件，使用默认配置: 配置文件不存在: D:\d\glean\nope
2026/09/06 18:22:03 [DEBUG] [18:22:03.732] 邮件配置: smtp.qq.com:465 发件人=768305875@qq.com 收件人=768305875@qq.com 跳过TLS校验=true
2026/09/06 18:22:03 insigmind 统计采集 vdev
2026/09/06 18:22:03 [DEBUG] [18:22:03.766] 日志文件已就绪: D:\d\glean\logs\glean_2026-09-06.log
2026/09/06 18:22:03 [DEBUG] [18:22:03.767] 邮件配置: smtp.qq.com:587 发件人=768305875@qq.com 收件人=a@b.com;c@d.com 跳过TLS校验=true
2026/09/06 18:22:03 insigmind 统计采集 vdev
2026/09/06 18:22:22 未加载配置文件，使用默认配置: 配置文件不存在: D:\d\glean\zzz_test
2026/09/06 18:22:22 insigmind 统计采集 vdev
2026/09/06 18:22:36 未加载配置文件，使用默认配置: 配置文件不存在: D:\d\glean\zzz_test
2026/09/06 18:22:36 insigmind 统计采集 vdev
2026/09/06 18:22:36 未加载配置文件，使用默认配置: 配置文件不存在: D:\d\glean\qqq_test.yaml
2026/09/06 18:22:36 insigmind 统计采集 vdev
2026/09/06 18:24:35 配置提示: 配置文件不存在，已自动生成默认配置: D:\d\glean\tmpcfg\config.yaml
2026/09/06 18:24:35 insigmind 统计采集 vdev
2026/09/06 18:24:35 [DEBUG] [18:24:35.075] 日志文件已就绪: D:\d\glean\logs\glean_2026-09-06.log
2026/09/06 18:24:35 [DEBUG] [18:24:35.076] 邮件配置: smtp.qq.com:465 发件人=768305875@qq.com 收件人=768305875@qq.com 跳过TLS校验=true
2026/09/06 18:24:35 insigmind 统计采集 vdev
2026/09/06 18:28:22 [DEBUG] [18:28:22.488] 日志文件已就绪: D:\d\glean\logs\glean_2026-09-06.log
2026/09/06 18:28:22 [DEBUG] [18:28:22.488] 邮件配置: smtp.qq.com:465 发件人=768305875@qq.com 收件人=768305875@qq.com 主题前缀="[glean]" 跳过TLS校验=true
2026/09/06 18:28:22 insigmind 统计采集 vdev
2026/09/06 18:28:22 [DEBUG] [18:28:22.517] 日志文件已就绪: D:\d\glean\logs\glean_2026-09-06.log
2026/09/06 18:28:22 [DEBUG] [18:28:22.517] 邮件配置: smtp.qq.com:465 发件人=768305875@qq.com 收件人=768305875@qq.com 主题前缀="[Insigmind]" 跳过TLS校验=true
2026/09/06 18:28:22 insigmind 统计采集 vdev
