2026/09/02 05:55:33 [DEBUG] [05:55:33.664] 日志文件已就绪: D:\d\glean\logs\glean_2026-09-02.log
2026/09/02 05:55:33 启动 insigmind 统计采集
2026/09/02 05:55:33 [DEBUG] [05:55:33.665] 调试模式已开启
2026/09/02 05:55:33 [DEBUG] [05:55:33.665] 命令行参数: once=false report="2000-01-01" week="" month="" year="" debug=true
2026/09/02 05:55:33 [DEBUG] [05:55:33.665] 运行时间: 2026-09-02 05:55:33
2026/09/02 05:55:33 [DEBUG] [05:55:33.665] 接口地址: https://api.insigmind.com/Api/WebLogin/GetIndexStats
2026/09/02 05:55:33 [DEBUG] [05:55:33.665] 模式: 手动生成日报 (2000-01-01)
2026/09/02 05:55:33 [DEBUG] [05:55:33.665] 读取历史文件: D:\d\glean\stats_history.json
2026/09/02 05:55:33 [DEBUG] [05:55:33.665] 历史文件读取成功: 206 字节
2026/09/02 05:55:33 [DEBUG] [05:55:33.665] 历史记录条数: 2
2026/09/02 05:55:33 [DEBUG] [05:55:33.665] 历史区间: 2026-09-01 22:40:08 ~ 2026-09-01 23:02:27 | 首条(寻源=118836, 触达=18164) | 末条(寻源=118836, 触达=18164)
2026/09/02 05:55:33 [DEBUG] [05:55:33.666] 生成日报: 目标日期=2000-01-01 (星期Saturday)
2026/09/02 05:55:33 [DEBUG] [05:55:33.666] 无 2000-01-01 的数据，跳过日报生成
2026/09/02 05:55:33 生成报告失败: 无 2000-01-01 的数据
2026/09/02 05:55:42 [DEBUG] [05:55:42.246] 日志文件已就绪: D:\d\glean\logs\glean_2026-09-02.log
2026/09/02 05:55:42 启动 insigmind 统计采集
2026/09/02 05:55:42 [DEBUG] [05:55:42.246] 调试模式已开启
2026/09/02 05:55:42 [DEBUG] [05:55:42.246] 命令行参数: once=false report="2000-01-01" week="" month="" year="" debug=true
2026/09/02 05:55:42 [DEBUG] [05:55:42.246] 运行时间: 2026-09-02 05:55:42
2026/09/02 05:55:42 [DEBUG] [05:55:42.246] 接口地址: https://api.insigmind.com/Api/WebLogin/GetIndexStats
2026/09/02 05:55:42 [DEBUG] [05:55:42.246] 模式: 手动生成日报 (2000-01-01)
2026/09/02 05:55:42 [DEBUG] [05:55:42.246] 读取历史文件: D:\d\glean\stats_history.json
2026/09/02 05:55:42 [DEBUG] [05:55:42.246] 历史文件读取成功: 206 字节
2026/09/02 05:55:42 [DEBUG] [05:55:42.247] 历史记录条数: 2
2026/09/02 05:55:42 [DEBUG] [05:55:42.247] 历史区间: 2026-09-01 22:40:08 ~ 2026-09-01 23:02:27 | 首条(寻源=118836, 触达=18164) | 末条(寻源=118836, 触达=18164)
2026/09/02 05:55:42 [DEBUG] [05:55:42.247] 生成日报: 目标日期=2000-01-01 (星期Saturday)
2026/09/02 05:55:42 [DEBUG] [05:55:42.247] 无 2000-01-01 的数据，跳过日报生成
2026/09/02 05:55:42 生成报告失败: 无 2000-01-01 的数据
